\BOOKMARK [1][-]{section.1}{\376\377\000O\000\040\000n\000\341\000v\000r\000h\000o\000v\000\375\000c\000h\000\040\000v\000z\000o\000r\000e\000c\000h}{}% 1
\BOOKMARK [2][-]{subsection.1.1}{\376\377\000R\000o\000z\000d\001\033\000l\000e\000n\000\355\000\040\000p\000o\000d\000l\000e\000\040\000z\000\341\000m\001\033\000r\000u\000\040\000p\000o\000d\000l\000e\000\040\000z\000\341\000m\001\033\000r\000u}{section.1}% 2
\BOOKMARK [3][-]{subsubsection.1.1.1}{\376\377\000C\000r\000e\000a\000t\000i\000o\000n\000a\000l\000\040\000p\000a\000t\000t\000e\000r\000n\000s}{subsection.1.1}% 3
\BOOKMARK [3][-]{subsubsection.1.1.2}{\376\377\000S\000t\000r\000u\000c\000t\000u\000r\000a\000l\000\040\000p\000a\000t\000t\000e\000r\000n\000s}{subsection.1.1}% 4
\BOOKMARK [3][-]{subsubsection.1.1.3}{\376\377\000B\000e\000h\000a\000v\000i\000o\000r\000a\000l\000\040\000p\000a\000t\000t\000e\000r\000n\000s}{subsection.1.1}% 5
\BOOKMARK [1][-]{section.2}{\376\377\000P\000a\000t\000e\000r\000n\000y}{}% 6
\BOOKMARK [2][-]{subsection.2.1}{\376\377\000F\000a\000c\000t\000o\000r\000y\000/\000\040\000s\000i\000m\000p\000l\000e\000\040\000F\000a\000c\000t\000o\000r\000y}{section.2}% 7
\BOOKMARK [2][-]{subsection.2.2}{\376\377\000F\000a\000c\000t\000o\000r\000y\000\040\000M\000e\000t\000h\000o\000d}{section.2}% 8
\BOOKMARK [3][-]{subsubsection.2.2.1}{\376\377\000R\000e\000l\000a\000t\000i\000o\000n\000s\000\040\000w\000i\000t\000h\000\040\000O\000t\000h\000e\000r\000\040\000P\000a\000t\000t\000e\000r\000n\000s}{subsection.2.2}% 9
\BOOKMARK [3][-]{subsubsection.2.2.2}{\376\377\000M\000o\000r\000e\000\040\000i\000n\000f\000o}{subsection.2.2}% 10
\BOOKMARK [2][-]{subsection.2.3}{\376\377\000S\000i\000n\000g\000l\000e\000t\000o\000n}{section.2}% 11
\BOOKMARK [3][-]{subsubsection.2.3.1}{\376\377\000R\000e\000l\000a\000t\000i\000o\000n\000s\000\040\000w\000i\000t\000h\000\040\000O\000t\000h\000e\000r\000\040\000P\000a\000t\000t\000e\000r\000n\000s}{subsection.2.3}% 12
\BOOKMARK [3][-]{subsubsection.2.3.2}{\376\377\000M\000o\000r\000e\000\040\000i\000n\000f\000o}{subsection.2.3}% 13
\BOOKMARK [2][-]{subsection.2.4}{\376\377\000B\000u\000i\000l\000d\000e\000r}{section.2}% 14
\BOOKMARK [1][-]{section.3}{\376\377\000A\000n\000t\000i\000-\000P\000a\000t\000e\000r\000n\000y}{}% 15
\BOOKMARK [2][-]{subsection.3.1}{\376\377\000s\000p\000a\000g\000h\000e\000t\000t\000i\000\040\000c\000o\000d\000e}{section.3}% 16
\BOOKMARK [2][-]{subsection.3.2}{\376\377\000l\000a\000v\000a\000\040\000f\000l\000o\000w}{section.3}% 17
\BOOKMARK [2][-]{subsection.3.3}{\376\377\000a\000c\000c\000i\000d\000e\000n\000t\000a\000l\000\040\000c\000o\000m\000p\000l\000e\000x\000i\000t\000y}{section.3}% 18
\BOOKMARK [2][-]{subsection.3.4}{\376\377\000G\000o\000d\000\040\000O\000b\000j\000e\000c\000t}{section.3}% 19
\BOOKMARK [2][-]{subsection.3.5}{\376\377\000h\000a\000r\000d\000\040\000c\000o\000d\000i\000n\000g}{section.3}% 20
\BOOKMARK [2][-]{subsection.3.6}{\376\377\000m\000a\000g\000i\000c\000\040\000n\000u\000m\000b\000e\000r\000s}{section.3}% 21
\BOOKMARK [2][-]{subsection.3.7}{\376\377\000T\000o\000o\000\040\000m\000a\000n\000y\000\040\000r\000e\000s\000p\000o\000n\000s\000i\000b\000i\000l\000i\000t\000i\000e\000s}{section.3}% 22
\BOOKMARK [1][-]{section.4}{\376\377\000Z\000d\000r\000o\000j\000e}{}% 23
\BOOKMARK [2][-]{subsection.4.1}{\376\377\000P\000o\000u\001\176\000i\000t\000\351\000\040\000z\000d\000r\000o\000j\000e}{section.4}% 24
\BOOKMARK [2][-]{subsection.4.2}{\376\377\000D\000o\000p\000o\000r\000u\001\015\000e\000n\000\351\000\040\000z\000d\000r\000o\000j\000e}{section.4}% 25
